==========================================================================================
등반 에너지 계수 sweep — 밟고 넘기가 언제 유리한가
==========================================================================================
  고정 가중치  wE=0.5 wS=0.2 wT=0.3
  등반 한계높이 0.7 m,  등반 속도배수 0.4
  sweep       18개 값 x 5개 맵

  기준 modal 계획 완료 (5초)

  등반계수   0.0 Wh/m 완료 (12초)
  등반계수   0.5 Wh/m 완료 (19초)
  등반계수   1.0 Wh/m 완료 (27초)
  등반계수   1.5 Wh/m 완료 (34초)
  등반계수   2.0 Wh/m 완료 (42초)
  등반계수   3.0 Wh/m 완료 (43초)
  등반계수   4.0 Wh/m 완료 (45초)
  등반계수   5.0 Wh/m 완료 (47초)
  등반계수   6.0 Wh/m 완료 (49초)
  등반계수   8.0 Wh/m 완료 (50초)
  등반계수  10.0 Wh/m 완료 (53초)
  등반계수  12.0 Wh/m 완료 (55초)
  등반계수  14.0 Wh/m 완료 (57초)
  등반계수  16.0 Wh/m 완료 (60초)
  등반계수  18.0 Wh/m 완료 (62초)
  등반계수  20.0 Wh/m 완료 (65초)
  등반계수  22.0 Wh/m 완료 (67초)
  등반계수  25.0 Wh/m 완료 (70초)

==========================================================================================
결과 1 — 등반계수별 맵당 승자 modal
==========================================================================================
       등반계수 |      easy_open  easy_corridor    medium_open  medium_corrid      hard_open
  --------------------------------------------------------------------------------------
        0.0 |           밟고넘기           밟고넘기           밟고넘기           밟고넘기           밟고넘기
        0.5 |           밟고넘기           밟고넘기           밟고넘기             우회           밟고넘기
        1.0 |           밟고넘기           밟고넘기           밟고넘기           밟고넘기           밟고넘기
        1.5 |           밟고넘기           밟고넘기           밟고넘기           밟고넘기           밟고넘기
        2.0 |           밟고넘기           밟고넘기           밟고넘기           밟고넘기           밟고넘기
        3.0 |           밟고넘기           밟고넘기           밟고넘기           밟고넘기           밟고넘기
        4.0 |           밟고넘기           밟고넘기           밟고넘기           밟고넘기           밟고넘기
        5.0 |             우회           밟고넘기           밟고넘기           밟고넘기           밟고넘기
        6.0 |             우회           밟고넘기           밟고넘기           밟고넘기           밟고넘기
        8.0 |             우회           밟고넘기           밟고넘기           밟고넘기             우회
       10.0 |             우회           밟고넘기           밟고넘기           밟고넘기           밟고넘기
       12.0 |             우회           밟고넘기             우회           밟고넘기           밟고넘기
       14.0 |             우회           밟고넘기           밟고넘기           밟고넘기           밟고넘기
       16.0 |             우회           밟고넘기           밟고넘기           밟고넘기           밟고넘기
       18.0 |             우회           밟고넘기           밟고넘기           밟고넘기           밟고넘기
       20.0 |             우회           밟고넘기           밟고넘기           밟고넘기           밟고넘기
       22.0 |             우회           밟고넘기           밟고넘기           밟고넘기           밟고넘기
       25.0 |             우회           밟고넘기           밟고넘기           밟고넘기           밟고넘기

==========================================================================================
결과 2 — 밟고넘기가 우위를 잃는 손익분기 등반계수
==========================================================================================
  (이 값보다 실측치가 작으면 밟고넘기가 유리하다)

  맵                      손익분기   그 이후 승자     
  ---------------------------------------------
  easy_open               5.0   우회          
  easy_corridor           >25   (끝까지 밟고넘기 우위)
  medium_open            12.0   우회          
  medium_corridor         0.5   우회          
  hard_open               8.0   우회          

==========================================================================================
결과 3 — 등반계수 2.0 (현재 추정치)에서 3 modal 상세
==========================================================================================
  맵                       우회       밟고넘기       하이브리드          승자        하이브리드 에너지
  ------------------------------------------------------------------------------
  easy_open           16.289     15.490      16.289        밟고넘기          10.2 Wh
  easy_corridor       17.628     17.432      17.628        밟고넘기          11.0 Wh
  medium_open         26.617     21.972      26.617        밟고넘기          16.6 Wh
  medium_corridor     29.356     29.342      29.356        밟고넘기          18.3 Wh
  hard_open           29.479     26.415      29.479        밟고넘기          18.4 Wh

저장: benchmark_climb_sweep.json  (90행, 70초)
