============================================================================================
가중치 sweep — 3 modal 에너지 효율 비교
============================================================================================
  가중치 조합 66개 (wE+wS+wT=1, 0.1 단위)
  맵 5개 x modal 3개
  총 계획 횟수 990

  계획 10/66 조합  (203초 경과)
  계획 20/66 조합  (367초 경과)
  계획 30/66 조합  (486초 경과)
  계획 40/66 조합  (611초 경과)
  계획 50/66 조합  (727초 경과)
  계획 60/66 조합  (820초 경과)
  계획 66/66 조합  (860초 경과)

  후보 경로 중복 제거 (같은 경로가 여러 가중치에서 반복해 나온다)
  easy_open         우회 66->24, 밟고넘기 66->2, 하이브리드 66->29
  easy_corridor     우회 66->6, 밟고넘기 66->13, 하이브리드 66->7
  medium_open       우회 66->3, 밟고넘기 66->3, 하이브리드 66->12
  medium_corridor   우회 66->27, 밟고넘기 66->34, 하이브리드 66->30
  hard_open         우회 66->22, 밟고넘기 66->40, 하이브리드 66->20

  재평가 10/66 조합  (863초 경과)
  재평가 20/66 조합  (866초 경과)
  재평가 30/66 조합  (869초 경과)
  재평가 40/66 조합  (872초 경과)
  재평가 50/66 조합  (876초 경과)
  재평가 60/66 조합  (879초 경과)
  재평가 66/66 조합  (881초 경과)

============================================================================================
결과 1 — 가중치 조합별 승자 modal 분포
============================================================================================
  우회              0 / 330  (  0.0%)
  밟고넘기          269 / 330  ( 81.5%)
  하이브리드          56 / 330  ( 17.0%)
  동률              5 / 330  (  1.5%)

  상위집합 보정이 적용된 건수: 0 (스무딩이 그리디라 상위집합이 더 비싸게 나온 경우)

============================================================================================
결과 1b — 에너지 가중치 wE 에 따른 승자 분포
============================================================================================
    wE       하이브리드       밟고넘기       우회      동률
  ----------------------------------------------
   0.0          43          7        0       5
   0.1          12         38        0       0
   0.2           1         44        0       0
   0.3           0         40        0       0
   0.4           0         35        0       0
   0.5           0         30        0       0
   0.6           0         25        0       0
   0.7           0         20        0       0
   0.8           0         15        0       0
   0.9           0         10        0       0
   1.0           0          5        0       0

============================================================================================
결과 2 — wS(모드 전환 억제)에 따른 hybrid 선택률
============================================================================================
     wS       하이브리드       밟고넘기        우회          하이브리드 전환수
  ----------------------------------------------------------
    0.0           9         46         0              0.40
    0.1           8         42         0              0.40
    0.2           8         37         0              0.40
    0.3           7         33         0              0.40
    0.4           6         29         0              0.46
    0.5           5         25         0              0.47
    0.6           5         20         0              0.40
    0.7           4         16         0              0.50
    0.8           3         12         0              0.40
    0.9           1          9         0              0.60
    1.0           0          0         5              0.00

============================================================================================
결과 3 — 현재 설정(0.5/0.2/0.3)에서 맵별 3 modal 비교
============================================================================================
  맵                        우회       밟고넘기       하이브리드           승자        승자 에너지
  ------------------------------------------------------------------------------
  easy_open            16.231     14.993      16.231         밟고넘기        9.8 Wh
  easy_corridor        17.628     17.296      17.628         밟고넘기       11.2 Wh
  medium_open          26.608     21.963      26.608         밟고넘기       14.1 Wh
  medium_corridor      28.739     28.681      28.739         밟고넘기       17.9 Wh
  hard_open            29.299     25.975      29.299         밟고넘기       16.7 Wh

저장: benchmark_weight_sweep.json  (330행, 881초)
